// Jest Snapshot v1, https://goo.gl/fbAQLP

exports[`CardFooter should render correctly with no props 1`] = `
<div
  className="card-footer"
  style={Object {}}
/>
`;

exports[`CardFooter should render correctly with props clanDetails 1`] = `
<div
  className="card-footer"
  style={Object {}}
>
  <div>
    <GroupButton
      icon="fa-star"
      label="Stars"
      value={1}
    />
    <div
      style={
        Object {
          "display": "inline-block",
          "padding": "0 20px",
        }
      }
    />
    <GroupButton
      icon="fa-exclamation-circle"
      label="Issues"
      value={3}
    />
    <div
      style={
        Object {
          "display": "inline-block",
          "padding": "0 20px",
        }
      }
    />
    <GroupButton
      icon="fa-code-branch"
      label="Forks"
      value={2}
    />
    <div
      style={
        Object {
          "display": "inline-block",
          "padding": "0 20px",
        }
      }
    />
    <GroupButton
      flipIcon={true}
      icon="fa-code-branch vertical-flip"
      label="Pull Requests"
      value={4}
    />
  </div>
</div>
`;
